# -------------
7. The terminal
# -------------

# --------------
11. Instlling Go
# --------------

https://go.dev/dl/

$ go env
	GOPATH="/Users/<username>/go"
	GOROOT="/usr/local/go"
$ go versin
$ go help

# --------------
13. Go workspace
# --------------

GOPATH: points to go workspace
GOROOT: points to your binary installation

$ ~/mkdir goworkspace
$ cd ~/goworkspace
$ mkdir bin pkg src

$ go env

$ vim ~/.bashrc 

# --------------------------------------
# Go Programming
export GOPATH=/Users/marshad/goworkspace
export PATH=$PATH:$GOPATH/bin
# --------------------------------------

$ source ~/.bashrc

# -------------
19. Go commands
# -------------

$ go version
$ go env
$ go help
$ go fmt ./...

# builds -> run your code -> gets rid of any of the files
$ go run main.go

# if there are no errors, it puts an executable into the "current folder"
$ go build

# puts the executable in $GOPATH / bin
$ go install main.go
